------------------------------------------------------------
Timing Analyzer Summary
------------------------------------------------------------

Type  : Slow 1200mV 85C Model Setup 'MAX10_CLK1_50'
Slack : -11.008
TNS   : -6969.892

Type  : Slow 1200mV 85C Model Hold 'MAX10_CLK1_50'
Slack : 0.245
TNS   : 0.000

Type  : Slow 1200mV 85C Model Minimum Pulse Width 'MAX10_CLK1_50'
Slack : -3.000
TNS   : -1845.478

Type  : Slow 1200mV 0C Model Setup 'MAX10_CLK1_50'
Slack : -9.997
TNS   : -6297.755

Type  : Slow 1200mV 0C Model Hold 'MAX10_CLK1_50'
Slack : 0.249
TNS   : 0.000

Type  : Slow 1200mV 0C Model Minimum Pulse Width 'MAX10_CLK1_50'
Slack : -3.000
TNS   : -1842.630

Type  : Fast 1200mV 0C Model Setup 'MAX10_CLK1_50'
Slack : -4.194
TNS   : -2381.455

Type  : Fast 1200mV 0C Model Hold 'MAX10_CLK1_50'
Slack : 0.098
TNS   : 0.000

Type  : Fast 1200mV 0C Model Minimum Pulse Width 'MAX10_CLK1_50'
Slack : -3.000
TNS   : -1335.594

------------------------------------------------------------
