MIF/HEX Update report for picosoc
Fri Jul 24 12:32:59 2026
Quartus Prime Version 18.1.0 Build 625 09/12/2018 SJ Lite Edition


---------------------
; Table of Contents ;
---------------------
  1. Legal Notice
  2. MIF/HEX Update Summary
  3. MIF/HEX Update Processed Files
  4. MIF/HEX Update Messages



----------------
; Legal Notice ;
----------------
Copyright (C) 2018  Intel Corporation. All rights reserved.
Your use of Intel Corporation's design tools, logic functions 
and other software and tools, and its AMPP partner logic 
functions, and any output files from any of the foregoing 
(including device programming or simulation files), and any 
associated documentation or information are expressly subject 
to the terms and conditions of the Intel Program License 
Subscription Agreement, the Intel Quartus Prime License Agreement,
the Intel FPGA IP License Agreement, or other applicable license
agreement, including, without limitation, that your use is for
the sole purpose of programming logic devices manufactured by
Intel and sold by Intel or its authorized distributors.  Please
refer to the applicable agreement for further details.



+---------------------------------------------------------------+
; MIF/HEX Update Summary                                        ;
+-----------------------+---------------------------------------+
; MIF/HEX Update Status ; Successful - Fri Jul 24 12:32:59 2026 ;
; Revision Name         ; picosoc                               ;
; Top-level Entity Name ; top                                   ;
; Family                ; MAX 10                                ;
; Device                ; 10M50DAF484C7G                        ;
+-----------------------+---------------------------------------+


+-------------------------------------------------------------------------------------------+
; MIF/HEX Update Processed Files                                                            ;
+-------------------------------------------------------------------------------------------+
; File Name                                                                                 ;
+-------------------------------------------------------------------------------------------+
; E:/Quartus/Project_Quartus/03_pico_ver2_uart/db/picosoc.ram0_picosoc_mem_13d8e302.hdl.mif ;
; E:/Quartus/Project_Quartus/03_pico_ver2_uart/db/picosoc.ram1_picosoc_mem_13d8e302.hdl.mif ;
; E:/Quartus/Project_Quartus/03_pico_ver2_uart/db/picosoc.ram2_picosoc_mem_13d8e302.hdl.mif ;
; E:/Quartus/Project_Quartus/03_pico_ver2_uart/db/picosoc.ram3_picosoc_mem_13d8e302.hdl.mif ;
+-------------------------------------------------------------------------------------------+


+-------------------------+
; MIF/HEX Update Messages ;
+-------------------------+
Info: *******************************************************************
Info: Running Quartus Prime MIF/HEX Update
    Info: Version 18.1.0 Build 625 09/12/2018 SJ Lite Edition
    Info: Processing started: Fri Jul 24 12:32:58 2026
Info: Command: quartus_cdb project -c picosoc --update_mif
Warning (18236): Number of processors has not been specified which may cause overloading on shared machines.  Set the global assignment NUM_PARALLEL_PROCESSORS in your QSF to an appropriate value for best performance.
Info (39024): Processed the following Memory Initialization File(s)
    Info (39025): Processed Memory Initialization File E:/Quartus/Project_Quartus/03_pico_ver2_uart/db/picosoc.ram0_picosoc_mem_13d8e302.hdl.mif File: E:/Quartus/Project_Quartus/03_pico_ver2_uart/db/picosoc.ram0_picosoc_mem_13d8e302.hdl.mif Line: 0
    Info (39025): Processed Memory Initialization File E:/Quartus/Project_Quartus/03_pico_ver2_uart/db/picosoc.ram1_picosoc_mem_13d8e302.hdl.mif File: E:/Quartus/Project_Quartus/03_pico_ver2_uart/db/picosoc.ram1_picosoc_mem_13d8e302.hdl.mif Line: 0
    Info (39025): Processed Memory Initialization File E:/Quartus/Project_Quartus/03_pico_ver2_uart/db/picosoc.ram2_picosoc_mem_13d8e302.hdl.mif File: E:/Quartus/Project_Quartus/03_pico_ver2_uart/db/picosoc.ram2_picosoc_mem_13d8e302.hdl.mif Line: 0
    Info (39025): Processed Memory Initialization File E:/Quartus/Project_Quartus/03_pico_ver2_uart/db/picosoc.ram3_picosoc_mem_13d8e302.hdl.mif File: E:/Quartus/Project_Quartus/03_pico_ver2_uart/db/picosoc.ram3_picosoc_mem_13d8e302.hdl.mif Line: 0
Info: Quartus Prime MIF/HEX Update was successful. 0 errors, 1 warning
    Info: Peak virtual memory: 4740 megabytes
    Info: Processing ended: Fri Jul 24 12:32:59 2026
    Info: Elapsed time: 00:00:01
    Info: Total CPU time (on all processors): 00:00:01


