------------------------------------------------------------
Timing Analyzer Summary
------------------------------------------------------------

Type  : Slow 1200mV 85C Model Setup 'MAX10_CLK1_50'
Slack : -11.700
TNS   : -7534.062

Type  : Slow 1200mV 85C Model Hold 'MAX10_CLK1_50'
Slack : 0.325
TNS   : 0.000

Type  : Slow 1200mV 85C Model Minimum Pulse Width 'MAX10_CLK1_50'
Slack : -3.000
TNS   : -2137.302

Type  : Slow 1200mV 0C Model Setup 'MAX10_CLK1_50'
Slack : -10.623
TNS   : -6790.146

Type  : Slow 1200mV 0C Model Hold 'MAX10_CLK1_50'
Slack : 0.292
TNS   : 0.000

Type  : Slow 1200mV 0C Model Minimum Pulse Width 'MAX10_CLK1_50'
Slack : -3.000
TNS   : -2134.454

Type  : Fast 1200mV 0C Model Setup 'MAX10_CLK1_50'
Slack : -4.432
TNS   : -2455.347

Type  : Fast 1200mV 0C Model Hold 'MAX10_CLK1_50'
Slack : 0.142
TNS   : 0.000

Type  : Fast 1200mV 0C Model Minimum Pulse Width 'MAX10_CLK1_50'
Slack : -3.000
TNS   : -1552.452

------------------------------------------------------------
