------------------------------------------------------------
Timing Analyzer Summary
------------------------------------------------------------

Type  : Slow 1200mV 85C Model Setup 'pll_sys_inst|altpll_component|auto_generated|pll1|clk[0]'
Slack : -5.789
TNS   : -268.870

Type  : Slow 1200mV 85C Model Setup 'uart_rx:uart_rx|bit_clock'
Slack : -1.911
TNS   : -36.700

Type  : Slow 1200mV 85C Model Hold 'pll_sys_inst|altpll_component|auto_generated|pll1|clk[0]'
Slack : -0.607
TNS   : -0.607

Type  : Slow 1200mV 85C Model Hold 'uart_rx:uart_rx|bit_clock'
Slack : 0.343
TNS   : 0.000

Type  : Slow 1200mV 85C Model Recovery 'pll_sys_inst|altpll_component|auto_generated|pll1|clk[0]'
Slack : 11.348
TNS   : 0.000

Type  : Slow 1200mV 85C Model Removal 'pll_sys_inst|altpll_component|auto_generated|pll1|clk[0]'
Slack : 2.010
TNS   : 0.000

Type  : Slow 1200mV 85C Model Minimum Pulse Width 'uart_rx:uart_rx|bit_clock'
Slack : -1.403
TNS   : -39.284

Type  : Slow 1200mV 85C Model Minimum Pulse Width 'pll_sys_inst|altpll_component|auto_generated|pll1|clk[0]'
Slack : 7.395
TNS   : 0.000

Type  : Slow 1200mV 85C Model Minimum Pulse Width 'CLOCK_50'
Slack : 9.851
TNS   : 0.000

Type  : Slow 1200mV 0C Model Setup 'pll_sys_inst|altpll_component|auto_generated|pll1|clk[0]'
Slack : -5.065
TNS   : -230.127

Type  : Slow 1200mV 0C Model Setup 'uart_rx:uart_rx|bit_clock'
Slack : -1.682
TNS   : -32.056

Type  : Slow 1200mV 0C Model Hold 'pll_sys_inst|altpll_component|auto_generated|pll1|clk[0]'
Slack : -0.815
TNS   : -0.815

Type  : Slow 1200mV 0C Model Hold 'uart_rx:uart_rx|bit_clock'
Slack : 0.309
TNS   : 0.000

Type  : Slow 1200mV 0C Model Recovery 'pll_sys_inst|altpll_component|auto_generated|pll1|clk[0]'
Slack : 11.659
TNS   : 0.000

Type  : Slow 1200mV 0C Model Removal 'pll_sys_inst|altpll_component|auto_generated|pll1|clk[0]'
Slack : 1.798
TNS   : 0.000

Type  : Slow 1200mV 0C Model Minimum Pulse Width 'uart_rx:uart_rx|bit_clock'
Slack : -1.403
TNS   : -39.284

Type  : Slow 1200mV 0C Model Minimum Pulse Width 'pll_sys_inst|altpll_component|auto_generated|pll1|clk[0]'
Slack : 7.413
TNS   : 0.000

Type  : Slow 1200mV 0C Model Minimum Pulse Width 'CLOCK_50'
Slack : 9.798
TNS   : 0.000

Type  : Fast 1200mV 0C Model Setup 'pll_sys_inst|altpll_component|auto_generated|pll1|clk[0]'
Slack : -2.613
TNS   : -123.197

Type  : Fast 1200mV 0C Model Setup 'uart_rx:uart_rx|bit_clock'
Slack : -0.215
TNS   : -1.421

Type  : Fast 1200mV 0C Model Hold 'pll_sys_inst|altpll_component|auto_generated|pll1|clk[0]'
Slack : -0.446
TNS   : -0.446

Type  : Fast 1200mV 0C Model Hold 'uart_rx:uart_rx|bit_clock'
Slack : 0.151
TNS   : 0.000

Type  : Fast 1200mV 0C Model Recovery 'pll_sys_inst|altpll_component|auto_generated|pll1|clk[0]'
Slack : 13.554
TNS   : 0.000

Type  : Fast 1200mV 0C Model Removal 'pll_sys_inst|altpll_component|auto_generated|pll1|clk[0]'
Slack : 0.872
TNS   : 0.000

Type  : Fast 1200mV 0C Model Minimum Pulse Width 'uart_rx:uart_rx|bit_clock'
Slack : -1.000
TNS   : -28.000

Type  : Fast 1200mV 0C Model Minimum Pulse Width 'pll_sys_inst|altpll_component|auto_generated|pll1|clk[0]'
Slack : 7.523
TNS   : 0.000

Type  : Fast 1200mV 0C Model Minimum Pulse Width 'CLOCK_50'
Slack : 9.660
TNS   : 0.000

------------------------------------------------------------
