------------------------------------------------------------
Timing Analyzer Summary
------------------------------------------------------------

Type  : Slow 1200mV 85C Model Setup 'MAX10_CLK1_50'
Slack : -11.033
TNS   : -7804.919

Type  : Slow 1200mV 85C Model Hold 'MAX10_CLK1_50'
Slack : 0.262
TNS   : 0.000

Type  : Slow 1200mV 85C Model Minimum Pulse Width 'MAX10_CLK1_50'
Slack : -3.000
TNS   : -2135.899

Type  : Slow 1200mV 0C Model Setup 'MAX10_CLK1_50'
Slack : -10.047
TNS   : -7068.956

Type  : Slow 1200mV 0C Model Hold 'MAX10_CLK1_50'
Slack : 0.255
TNS   : 0.000

Type  : Slow 1200mV 0C Model Minimum Pulse Width 'MAX10_CLK1_50'
Slack : -3.000
TNS   : -2133.051

Type  : Fast 1200mV 0C Model Setup 'MAX10_CLK1_50'
Slack : -4.190
TNS   : -2602.126

Type  : Fast 1200mV 0C Model Hold 'MAX10_CLK1_50'
Slack : 0.104
TNS   : 0.000

Type  : Fast 1200mV 0C Model Minimum Pulse Width 'MAX10_CLK1_50'
Slack : -3.000
TNS   : -1549.383

------------------------------------------------------------
